Component: ARM Compiler 5.06 update 1 (build 61) Tool: armlink [4d35a8]

==============================================================================

Section Cross References

    main.o(.text) refers to system_stm32f10x.o(.text) for SystemInit
    main.o(.text) refers to delay.o(.text) for delay_init
    main.o(.text) refers to led.o(.text) for LED_Init
    main.o(.text) refers to lcd_driver.o(.text) for Lcd_Init
    main.o(.text) refers to key.o(.text) for KEY_Init
    main.o(.text) refers to misc.o(.text) for NVIC_PriorityGroupConfig
    main.o(.text) refers to usart.o(.text) for uart_init
    main.o(.text) refers to main_menu.o(.text) for Main_Menu
    system_stm32f10x.o(.text) refers to system_stm32f10x.o(.data) for SystemCoreClock
    gui.o(.text) refers to lcd_driver.o(.text) for Gui_DrawPoint
    gui.o(.text) refers to gui.o(.constdata) for asc16
    lcd_driver.o(.text) refers to stm32f10x_rcc.o(.text) for RCC_APB2PeriphClockCmd
    lcd_driver.o(.text) refers to stm32f10x_gpio.o(.text) for GPIO_PinRemapConfig
    lcd_driver.o(.text) refers to delay.o(.text) for delay_ms
    main_menu.o(.text) refers to gui.o(.text) for Gui_DrawFont_GBK16
    main_menu.o(.text) refers to lcd_driver.o(.text) for Lcd_Clear
    main_menu.o(.text) refers to calculagraph.o(.text) for Calculagraph
    main_menu.o(.text) refers to setting.o(.text) for Setting
    main_menu.o(.text) refers to search_module.o(.text) for Search_Module
    main_menu.o(.text) refers to friendly_forces.o(.text) for Friendly_Forces
    main_menu.o(.text) refers to key.o(.text) for KEY_Scan
    main_menu.o(.text) refers to main_menu.o(.data) for colorIds
    main_menu.o(.data) refers to main_menu.o(.conststring) for .conststring
    search_module.o(.text) refers to _printf_percent.o(.ARM.Collect$$_printf_percent$$00000000) for _printf_percent
    search_module.o(.text) refers to _printf_d.o(.ARM.Collect$$_printf_percent$$00000009) for _printf_d
    search_module.o(.text) refers to _printf_dec.o(.text) for _printf_int_dec
    search_module.o(.text) refers to dflt_clz.o(x$fpl$dflt) for __aeabi_i2d
    search_module.o(.text) refers to atan.o(i.atan) for atan
    search_module.o(.text) refers to cos.o(i.cos) for cos
    search_module.o(.text) refers to dflt_clz.o(x$fpl$dfltu) for __aeabi_ui2d
    search_module.o(.text) refers to dmul.o(x$fpl$dmul) for __aeabi_dmul
    search_module.o(.text) refers to floor.o(i.floor) for floor
    search_module.o(.text) refers to sin.o(i.sin) for sin
    search_module.o(.text) refers to dfix.o(x$fpl$dfix) for __aeabi_d2iz
    search_module.o(.text) refers to noretval__2printf.o(.text) for __2printf
    search_module.o(.text) refers to gui.o(.text) for Gui_DrawFont_ASC12
    search_module.o(.text) refers to lcd_driver.o(.text) for Lcd_Clear
    search_module.o(.text) refers to key.o(.text) for KEY_Scan
    search_module.o(.text) refers to search_module.o(.data) for r
    calculagraph.o(.text) refers to _printf_percent.o(.ARM.Collect$$_printf_percent$$00000000) for _printf_percent
    calculagraph.o(.text) refers to _printf_d.o(.ARM.Collect$$_printf_percent$$00000009) for _printf_d
    calculagraph.o(.text) refers to _printf_dec.o(.text) for _printf_int_dec
    calculagraph.o(.text) refers to noretval__2sprintf.o(.text) for __2sprintf
    calculagraph.o(.text) refers to gui.o(.text) for Gui_DrawFont_GBK16
    calculagraph.o(.text) refers to misc.o(.text) for NVIC_PriorityGroupConfig
    calculagraph.o(.text) refers to lcd_driver.o(.text) for Lcd_Clear
    calculagraph.o(.text) refers to usart55.o(.text) for USART3_Init
    calculagraph.o(.text) refers to key.o(.text) for KEY_Scan
    calculagraph.o(.text) refers to stm32f10x_usart.o(.text) for USART_ITConfig
    calculagraph.o(.text) refers to rt_memclr.o(.text) for __aeabi_memclr
    calculagraph.o(.text) refers to calculagraph.o(.data) for time_sc_old
    calculagraph.o(.text) refers to timer.o(.data) for total_times
    calculagraph.o(.text) refers to calculagraph.o(.bss) for str
    calculagraph.o(.text) refers to main_menu.o(.data) for Back_color
    calculagraph.o(.text) refers to usart55.o(.data) for OK_s
    calculagraph.o(.text) refers to usart55.o(.bss) for received_string
    setting.o(.text) refers to lcd_driver.o(.text) for Lcd_Clear
    setting.o(.text) refers to gui.o(.text) for Gui_DrawFont_GBK16
    setting.o(.text) refers to main_menu.o(.text) for Creat_Menu_String
    setting.o(.text) refers to key.o(.text) for KEY_Scan
    setting.o(.text) refers to main_menu.o(.data) for Back_color
    setting.o(.text) refers to setting.o(.data) for arrays_setting
    setting.o(.data) refers to setting.o(.conststring) for .conststring
    usart3.o(.text) refers to stm32f10x_usart.o(.text) for USART_SendData
    usart3.o(.text) refers to stm32f10x_rcc.o(.text) for RCC_APB2PeriphClockCmd
    usart3.o(.text) refers to stm32f10x_gpio.o(.text) for GPIO_Init
    usart3.o(.text) refers to misc.o(.text) for NVIC_PriorityGroupConfig
[...]
    .text                                    0x08004350   Section        0  _printf_dec.o(.text)
    .text                                    0x080043c8   Section        0  atoi.o(.text)
    .text                                    0x080043e2   Section        0  strcpy.o(.text)
    .text                                    0x0800442a   Section        0  strlen.o(.text)
    .text                                    0x08004468   Section        0  strcat.o(.text)
    .text                                    0x08004480   Section      138  rt_memcpy_v6.o(.text)
    .text                                    0x0800450a   Section       68  rt_memclr.o(.text)
    .text                                    0x08004550   Section      128  strcmpv7m.o(.text)
    .text                                    0x080045d0   Section        0  heapauxi.o(.text)
    .text                                    0x080045d6   Section        2  use_no_semi.o(.text)
    .text                                    0x080045d8   Section        8  rt_errno_addr_intlibspace.o(.text)
    .text                                    0x080045e0   Section        0  _rserrno.o(.text)
    .text                                    0x080045f6   Section        0  _printf_intcommon.o(.text)
    .text                                    0x080046a8   Section        0  _printf_char_common.o(.text)
    _printf_input_char                       0x080046a9   Thumb Code    10  _printf_char_common.o(.text)
    .text                                    0x080046d8   Section        0  _sputc.o(.text)
    .text                                    0x080046e2   Section        0  _printf_char.o(.text)
    .text                                    0x08004710   Section        0  _printf_char_file.o(.text)
    .text                                    0x08004734   Section        0  strtol.o(.text)
    .text                                    0x080047a4   Section      100  rt_memcpy_w.o(.text)
    .text                                    0x08004808   Section       78  rt_memclr_w.o(.text)
    .text                                    0x08004858   Section        8  libspace.o(.text)
    .text                                    0x08004860   Section       16  rt_ctype_table.o(.text)
    .text                                    0x08004870   Section        0  _strtoul.o(.text)
    .text                                    0x0800490e   Section        0  ferror.o(.text)
    .text                                    0x08004916   Section       74  sys_stackheap_outer.o(.text)
    .text                                    0x08004960   Section        8  rt_locale_intlibspace.o(.text)
    .text                                    0x08004968   Section        0  _chval.o(.text)
    .text                                    0x08004984   Section        0  exit.o(.text)
    i.__ARM_fpclassify                       0x08004996   Section        0  fpclassify.o(i.__ARM_fpclassify)
    i.__ieee754_rem_pio2                     0x080049c0   Section        0  rred.o(i.__ieee754_rem_pio2)
    i.__kernel_cos                           0x08004d48   Section        0  cos_i.o(i.__kernel_cos)
    i.__kernel_poly                          0x08004e44   Section        0  poly.o(i.__kernel_poly)
    i.__kernel_sin                           0x08004ef0   Section        0  sin_i.o(i.__kernel_sin)
    i.__mathlib_dbl_infnan                   0x08004fdc   Section        0  dunder.o(i.__mathlib_dbl_infnan)
    i.__mathlib_dbl_invalid                  0x08004fe2   Section        0  dunder.o(i.__mathlib_dbl_invalid)
    i.__mathlib_dbl_underflow                0x08004ff0   Section        0  dunder.o(i.__mathlib_dbl_underflow)
    i.atan                                   0x08005000   Section        0  atan.o(i.atan)
    i.cos                                    0x08005220   Section        0  cos.o(i.cos)
    i.floor                                  0x080052bc   Section        0  floor.o(i.floor)
    i.sin                                    0x08005398   Section        0  sin.o(i.sin)
    locale$$code                             0x08005438   Section       44  lc_ctype_c.o(locale$$code)
    x$fpl$dadd                               0x08005464   Section      336  daddsub_clz.o(x$fpl$dadd)
    _dadd1                                   0x08005475   Thumb Code     0  daddsub_clz.o(x$fpl$dadd)
    x$fpl$dcheck1                            0x080055b4   Section       16  dcheck1.o(x$fpl$dcheck1)
    x$fpl$dcmpinf                            0x080055c4   Section       24  dcmpi.o(x$fpl$dcmpinf)
    x$fpl$ddiv                               0x080055dc   Section      688  ddiv.o(x$fpl$ddiv)
    ddiv_entry                               0x080055e3   Thumb Code     0  ddiv.o(x$fpl$ddiv)
    x$fpl$dfix                               0x0800588c   Section       94  dfix.o(x$fpl$dfix)
    x$fpl$dflt                               0x080058ea   Section       46  dflt_clz.o(x$fpl$dflt)
    x$fpl$dfltu                              0x08005918   Section       38  dflt_clz.o(x$fpl$dfltu)
    x$fpl$dleqf                              0x08005940   Section      120  dleqf.o(x$fpl$dleqf)
    x$fpl$dmul                               0x080059b8   Section      340  dmul.o(x$fpl$dmul)
    x$fpl$dnaninf                            0x08005b0c   Section      156  dnaninf.o(x$fpl$dnaninf)
    x$fpl$dretinf                            0x08005ba8   Section       12  dretinf.o(x$fpl$dretinf)
    x$fpl$drleqf                             0x08005bb4   Section      108  drleqf.o(x$fpl$drleqf)
    x$fpl$drsb                               0x08005c20   Section       22  daddsub_clz.o(x$fpl$drsb)
    x$fpl$dsub                               0x08005c38   Section      468  daddsub_clz.o(x$fpl$dsub)
    _dsub1                                   0x08005c49   Thumb Code     0  daddsub_clz.o(x$fpl$dsub)
    x$fpl$retnan                             0x08005e0c   Section      100  retnan.o(x$fpl$retnan)
    x$fpl$scalbn                             0x08005e70   Section       92  scalbn.o(x$fpl$scalbn)
    x$fpl$trapveneer                         0x08005ecc   Section       48  trapv.o(x$fpl$trapveneer)
    .constdata                               0x08005efc   Section     4583  gui.o(.constdata)
    x$fpl$usenofp                            0x08005efc   Section        0  usenofp.o(x$fpl$usenofp)
    .constdata                               0x080070e8   Section      152  atan.o(.constdata)
    atanhi                                   0x080070e8   Data          32  atan.o(.constdata)
    atanlo                                   0x08007108   Data          32  atan.o(.constdata)
    aTodd                                    0x08007128   Data          40  atan.o(.constdata)
    aTeven                                   0x08007150   Data          48  atan.o(.constdata)
    .constdata                               0x08007180   Section       48  cos_i.o(.constdata)
    C                                        0x08007180   Data          48  cos_i.o(.constdata)
    .constdata                               0x080071b0   Section      200  rred.o(.constdata)
    pio2s                                    0x080071b0   Data          48  rred.o(.constdata)
    twooverpi                                0x080071e0   Data         152  rred.o(.constdata)
    .constdata                               0x08007278   Section       40  sin_i.o(.constdata)
    S                                        0x08007278   Data          40  sin_i.o(.constdata)
    .conststring                             0x080072a0   Section       63  main_menu.o(.conststring)
    .conststring                             0x080072e0   Section       37  setting.o(.conststring)
    .conststring                             0x08007308   Section       12  friendly_forces.o(.conststring)
    locale$$data                             0x08007334   Section      272  lc_ctype_c.o(locale$$data)
    __lcctype_c_name                         0x08007338   Data           2  lc_ctype_c.o(locale$$data)
    __lcctype_c_start                        0x08007340   Data           0  lc_ctype_c.o(locale$$data)
    __lcctype_c_end                          0x08007444   Data           0  lc_ctype_c.o(locale$$data)
    .data                                    0x20000000   Section       20  system_stm32f10x.o(.data)
    .data                                    0x20000014   Section       29  main_menu.o(.data)
    .data                                    0x20000032   Section       14  search_module.o(.data)
    find_Flag                                0x20000032   Data           1  search_module.o(.data)
    SCREEN_WIDTH                             0x20000034   Data           2  search_module.o(.data)
    SCREEN_HEIGHT                            0x20000036   Data           2  search_module.o(.data)
    remotion                                 0x20000038   Data           2  search_module.o(.data)
    x_cent                                   0x2000003a   Data           2  search_module.o(.data)
    y_cent                                   0x2000003c   Data           2  search_module.o(.data)
    r                                        0x2000003e   Data           2  search_module.o(.data)
    .data                                    0x20000040   Section        4  calculagraph.o(.data)
    .data                                    0x20000044   Section       20  setting.o(.data)
    .data                                    0x20000058   Section        2  usart3.o(.data)
    .data                                    0x2000005c   Section       42  friendly_forces.o(.data)
    friend_code                              0x2000005c   Data           4  friendly_forces.o(.data)
    check_code                               0x20000060   Data           4  friendly_forces.o(.data)
    friend_code_with_enter                   0x20000064   Data           8  friendly_forces.o(.data)
    check_code_with_enter                    0x2000006c   Data           8  friendly_forces.o(.data)
    flag                                     0x20000074   Data           1  friendly_forces.o(.data)
    arrays_setting                           0x20000078   Data          12  friendly_forces.o(.data)
    Shou_Fa                                  0x20000084   Data           1  friendly_forces.o(.data)
    far_ye                                   0x20000085   Data           1  friendly_forces.o(.data)
    .data                                    0x20000088   Section        4  syst.o(.data)
    usTicks                                  0x20000088   Data           4  syst.o(.data)
    .data                                    0x2000008c   Section       16  usart55.o(.data)
    .data                                    0x2000009c   Section        1  key.o(.data)
    key_up                                   0x2000009c   Data           1  key.o(.data)
    .data                                    0x200000a0   Section        4  timer.o(.data)
    .data                                    0x200000a4   Section        4  delay.o(.data)
    fac_us                                   0x200000a4   Data           1  delay.o(.data)
    fac_ms                                   0x200000a6   Data           2  delay.o(.data)
    .data                                    0x200000a8   Section        6  usart.o(.data)
    .data                                    0x200000ae   Section       20  stm32f10x_rcc.o(.data)
    APBAHBPrescTable                         0x200000ae   Data          16  stm32f10x_rcc.o(.data)
    ADCPrescTable                            0x200000be   Data           4  stm32f10x_rcc.o(.data)
    .bss                                     0x200000c4   Section       20  calculagraph.o(.bss)
    .bss                                     0x200000d8   Section      200  usart3.o(.bss)
    .bss                                     0x200001a0   Section       12  friendly_forces.o(.bss)
    timessw                                  0x200001a0   Data          12  friendly_forces.o(.bss)
    .bss                                     0x200001ac   Section      201  usart55.o(.bss)
    .bss                                     0x20000275   Section      200  usart.o(.bss)
    .bss                                     0x20000340   Section       96  libspace.o(.bss)
    HEAP                                     0x200003a0   Section      512  startup_stm32f10x_hd.o(HEAP)
    Heap_Mem                                 0x200003a0   Data         512  startup_stm32f10x_hd.o(HEAP)
    STACK                                    0x200005a0   Section     1024  startup_stm32f10x_hd.o(STACK)
    Stack_Mem                                0x200005a0   Data        1024  startup_stm32f10x_hd.o(STACK)
    __initial_sp                             0x200009a0   Data           0  startup_stm32f10x_hd.o(STACK)

    Global Symbols

    Symbol Name                              Value     Ov Type        Size  Object(Section)

    BuildAttributes$$THM_ISAv4$P$D$K$B$S$PE$A:L22UL41UL21$X:L11$S22US41US21$IEEE1$IW$USESV6$~STKCKD$USESV7$~SHL$OTIME$ROPI$IEEEX$EBA8$UX$STANDARDLIB$REQ8$PRES8$EABIv2 0x00000000   Number         0  anon$$obj.o ABSOLUTE
    __ARM_use_no_argv                        0x00000000   Number         0  main.o ABSOLUTE
    __ARM_exceptions_init                     - Undefined Weak Reference
    __alloca_initialize                       - Undefined Weak Reference
    __arm_preinit_                            - Undefined Weak Reference
    __cpp_initialize__aeabi_                  - Undefined Weak Reference
    __cxa_finalize                            - Undefined Weak Reference
    __sigvec_lookup                           - Undefined Weak Reference
    _atexit_init                              - Undefined Weak Reference
    _call_atexit_fns                          - Undefined Weak Reference
    _clock_init                               - Undefined Weak Reference
    _fp_trap_init                             - Undefined Weak Reference
    _fp_trap_shutdown                         - Undefined Weak Reference
    _get_lc_collate                           - Undefined Weak Reference
    _get_lc_monetary                          - Undefined Weak Reference
    _get_lc_numeric                           - Undefined Weak Reference
    _get_lc_time                              - Undefined Weak Reference
    _getenv_init                              - Undefined Weak Reference
    _handle_redirection                       - Undefined Weak Reference
    _init_alloc                               - Undefined Weak Reference
    _init_user_alloc                          - Undefined Weak Reference
    _initio                                   - Undefined Weak Reference
    _mutex_acquire                            - Undefined Weak Reference
    _mutex_release                            - Undefined Weak Reference
    _printf_mbtowc                            - Undefined Weak Reference
    _printf_post_padding                      - Undefined Weak Reference
    _printf_pre_padding                       - Undefined Weak Reference
    _printf_truncate_signed                   - Undefined Weak Reference
    _printf_truncate_unsigned                 - Undefined Weak Reference
    _rand_init                                - Undefined Weak Reference
    _signal_finish                            - Undefined Weak Reference
    _signal_init                              - Undefined Weak Reference
    _terminate_alloc                          - Undefined Weak Reference
    _terminate_user_alloc                     - Undefined Weak Reference
    _terminateio                              - Undefined Weak Reference
    __Vectors_Size                           0x00000130   Number         0  startup_stm32f10x_hd.o ABSOLUTE
    __Vectors                                0x08000000   Data           4  startup_stm32f10x_hd.o(RESET)
    __Vectors_End                            0x08000130   Data           0  startup_stm32f10x_hd.o(RESET)
    __main                                   0x08000131   Thumb Code     8  __main.o(!!!main)
    __scatterload                            0x08000139   Thumb Code     0  __scatter.o(!!!scatter)
    __scatterload_rt2                        0x08000139   Thumb Code    44  __scatter.o(!!!scatter)
    __scatterload_rt2_thumb_only             0x08000139   Thumb Code     0  __scatter.o(!!!scatter)
    __scatterload_null                       0x08000147   Thumb Code     0  __scatter.o(!!!scatter)
    __scatterload_copy                       0x0800016d   Thumb Code    26  __scatter_copy.o(!!handler_copy)
    __scatterload_zeroinit                   0x08000189   Thumb Code    28  __scatter_zi.o(!!handler_zi)
    _printf_d                                0x080001a5   Thumb Code     0  _printf_d.o(.ARM.Collect$$_printf_percent$$00000009)
    _printf_percent                          0x080001a5   Thumb Code     0  _printf_percent.o(.ARM.Collect$$_printf_percent$$00000000)
    _printf_s                                0x080001ab   Thumb Code     0  _printf_s.o(.ARM.Collect$$_printf_percent$$00000014)
    _printf_percent_end                      0x080001b1   Thumb Code     0  _printf_percent_end.o(.ARM.Collect$$_printf_percent$$00000017)
    __rt_lib_init                            0x080001b5   Thumb Code     0  libinit.o(.ARM.Collect$$libinit$$00000000)
    __rt_lib_init_fp_1                       0x080001b7   Thumb Code     0  libinit2.o(.ARM.Collect$$libinit$$00000002)
    __rt_lib_init_heap_1                     0x080001b7   Thumb Code     0  libinit2.o(.ARM.Collect$$libinit$$0000000A)
    __rt_lib_init_lc_common                  0x080001b7   Thumb Code     0  libinit2.o(.ARM.Collect$$libinit$$0000000F)
    __rt_lib_init_preinit_1                  0x080001b7   Thumb Code     0  libinit2.o(.ARM.Collect$$libinit$$00000004)
    __rt_lib_init_rand_1                     0x080001b7   Thumb Code     0  libinit2.o(.ARM.Collect$$libinit$$0000000E)
    __rt_lib_init_user_alloc_1               0x080001b7   Thumb Code     0  libinit2.o(.ARM.Collect$$libinit$$0000000C)
    __rt_lib_init_lc_collate_1               0x080001bd   Thumb Code     0  libinit2.o(.ARM.Collect$$libinit$$00000011)
    __rt_lib_init_lc_ctype_2                 0x080001bd   Thumb Code     0  libinit2.o(.ARM.Collect$$libinit$$00000012)
    __rt_lib_init_alloca_1                   0x080001c9   Thumb Code     0  libinit2.o(.ARM.Collect$$libinit$$0000002E)
    __rt_lib_init_argv_1                     0x080001c9   Thumb Code     0  libinit2.o(.ARM.Collect$$libinit$$0000002C)
    __rt_lib_init_atexit_1                   0x080001c9   Thumb Code     0  libinit2.o(.ARM.Collect$$libinit$$0000001B)
    __rt_lib_init_clock_1                    0x080001c9   Thumb Code     0  libinit2.o(.ARM.Collect$$libinit$$00000021)
    __rt_lib_init_cpp_1                      0x080001c9   Thumb Code     0  libinit2.o(.ARM.Collect$$libinit$$00000032)
    __rt_lib_init_exceptions_1               0x080001c9   Thumb Code     0  libinit2.o(.ARM.Collect$$libinit$$00000030)
    __rt_lib_init_fp_trap_1                  0x080001c9   Thumb Code     0  libinit2.o(.ARM.Collect$$libinit$$0000001F)
    __rt_lib_init_getenv_1                   0x080001c9   Thumb Code     0  libinit2.o(.ARM.Collect$$libinit$$00000023)
    __rt_lib_init_lc_ctype_1                 0x080001c9   Thumb Code     0  libinit2.o(.ARM.Collect$$libinit$$00000013)
    __rt_lib_init_lc_monetary_1              0x080001c9   Thumb Code     0  libinit2.o(.ARM.Collect$$libinit$$00000015)
    __rt_lib_init_lc_numeric_1               0x080001c9   Thumb Code     0  libinit2.o(.ARM.Collect$$libinit$$00000017)
    __rt_lib_init_lc_time_1                  0x080001c9   Thumb Code     0  libinit2.o(.ARM.Collect$$libinit$$00000019)
    __rt_lib_init_return                     0x080001c9   Thumb Code     0  libinit2.o(.ARM.Collect$$libinit$$00000033)
    __rt_lib_init_signal_1                   0x080001c9   Thumb Code     0  libinit2.o(.ARM.Collect$$libinit$$0000001D)
    __rt_lib_init_stdio_1                    0x080001c9   Thumb Code     0  libinit2.o(.ARM.Collect$$libinit$$00000025)
    __rt_lib_shutdown                        0x080001cb   Thumb Code     0  libshutdown.o(.ARM.Collect$$libshutdown$$00000000)
    __rt_lib_shutdown_cpp_1                  0x080001cd   Thumb Code     0  libshutdown2.o(.ARM.Collect$$libshutdown$$00000002)
    __rt_lib_shutdown_fp_trap_1              0x080001cd   Thumb Code     0  libshutdown2.o(.ARM.Collect$$libshutdown$$00000007)
    __rt_lib_shutdown_heap_1                 0x080001cd   Thumb Code     0  libshutdown2.o(.ARM.Collect$$libshutdown$$0000000F)
    __rt_lib_shutdown_return                 0x080001cd   Thumb Code     0  libshutdown2.o(.ARM.Collect$$libshutdown$$00000010)
    __rt_lib_shutdown_signal_1               0x080001cd   Thumb Code     0  libshutdown2.o(.ARM.Collect$$libshutdown$$0000000A)
    __rt_lib_shutdown_stdio_1                0x080001cd   Thumb Code     0  libshutdown2.o(.ARM.Collect$$libshutdown$$00000004)
    __rt_lib_shutdown_user_alloc_1           0x080001cd   Thumb Code     0  libshutdown2.o(.ARM.Collect$$libshutdown$$0000000C)
    __rt_entry                               0x080001cf   Thumb Code     0  __rtentry.o(.ARM.Collect$$rtentry$$00000000)
    __rt_entry_presh_1                       0x080001cf   Thumb Code     0  __rtentry2.o(.ARM.Collect$$rtentry$$00000002)
    __rt_entry_sh                            0x080001cf   Thumb Code     0  __rtentry4.o(.ARM.Collect$$rtentry$$00000004)
    __rt_entry_li                            0x080001d5   Thumb Code     0  __rtentry2.o(.ARM.Collect$$rtentry$$0000000A)
    __rt_entry_postsh_1                      0x080001d5   Thumb Code     0  __rtentry2.o(.ARM.Collect$$rtentry$$00000009)
    __rt_entry_main                          0x080001d9   Thumb Code     0  __rtentry2.o(.ARM.Collect$$rtentry$$0000000D)
    __rt_entry_postli_1                      0x080001d9   Thumb Code     0  __rtentry2.o(.ARM.Collect$$rtentry$$0000000C)
    __rt_exit                                0x080001e1   Thumb Code     0  rtexit.o(.ARM.Collect$$rtexit$$00000000)
    __rt_exit_ls                             0x080001e3   Thumb Code     0  rtexit2.o(.ARM.Collect$$rtexit$$00000003)
    __rt_exit_prels_1                        0x080001e3   Thumb Code     0  rtexit2.o(.ARM.Collect$$rtexit$$00000002)
    __rt_exit_exit                           0x080001e7   Thumb Code     0  rtexit2.o(.ARM.Collect$$rtexit$$00000004)
    main                                     0x080001ed   Thumb Code    76  main.o(.text)
    NMI_Handler                              0x08000239   Thumb Code     2  stm32f10x_it.o(.text)
    HardFault_Handler                        0x0800023b   Thumb Code     4  stm32f10x_it.o(.text)
    MemManage_Handler                        0x0800023f   Thumb Code     4  stm32f10x_it.o(.text)
    BusFault_Handler                         0x08000243   Thumb Code     4  stm32f10x_it.o(.text)
    UsageFault_Handler                       0x08000247   Thumb Code     4  stm32f10x_it.o(.text)
    SVC_Handler                              0x0800024b   Thumb Code     2  stm32f10x_it.o(.text)
    DebugMon_Handler                         0x0800024d   Thumb Code     2  stm32f10x_it.o(.text)
    PendSV_Handler                           0x0800024f   Thumb Code     2  stm32f10x_it.o(.text)
    SystemInit                               0x08000331   Thumb Code    78  system_stm32f10x.o(.text)
    SystemCoreClockUpdate                    0x0800037f   Thumb Code   142  system_stm32f10x.o(.text)
    LCD_BGR2RGB                              0x08000431   Thumb Code    26  gui.o(.text)
    Gui_Circle                               0x0800044b   Thumb Code   300  gui.o(.text)
    Gui_DrawLine                             0x08000577   Thumb Code   186  gui.o(.text)
    Gui_box                                  0x08000631   Thumb Code   188  gui.o(.text)
    Gui_box2                                 0x080006ed   Thumb Code   386  gui.o(.text)
    DisplayButtonDown                        0x0800086f   Thumb Code   130  gui.o(.text)
    DisplayButtonUp                          0x080008f1   Thumb Code   130  gui.o(.text)
    Gui_DrawFont_GBK16                       0x08000973   Thumb Code   162  gui.o(.text)
    Gui_DrawFont_ASC12                       0x08000a15   Thumb Code   166  gui.o(.text)
    Gui_DrawFont_GBK24                       0x08000abb   Thumb Code   142  gui.o(.text)
    Gui_DrawFont_Num32                       0x08000b49   Thumb Code   124  gui.o(.text)
    LCD_GPIO_Init                            0x08000bd1   Thumb Code   160  lcd_driver.o(.text)
    SPI_WriteData                            0x08000c71   Thumb Code    54  lcd_driver.o(.text)
    Lcd_WriteIndex                           0x08000ca7   Thumb Code    36  lcd_driver.o(.text)
    Lcd_WriteData                            0x08000ccb   Thumb Code    38  lcd_driver.o(.text)
    LCD_WriteData_16Bit                      0x08000cf1   Thumb Code    44  lcd_driver.o(.text)
    Lcd_WriteReg                             0x08000d1d   Thumb Code    20  lcd_driver.o(.text)
    Lcd_Reset                                0x08000d31   Thumb Code    32  lcd_driver.o(.text)
    Lcd_Init                                 0x08000d51   Thumb Code   546  lcd_driver.o(.text)
    Lcd_SetRegion                            0x08000f73   Thumb Code   106  lcd_driver.o(.text)
    Lcd_SetXY                                0x08000fdd   Thumb Code    20  lcd_driver.o(.text)
    Gui_DrawPoint                            0x08000ff1   Thumb Code    32  lcd_driver.o(.text)
    Lcd_ReadPoint                            0x08001011   Thumb Code    24  lcd_driver.o(.text)
    Lcd_Clear                                0x08001029   Thumb Code    50  lcd_driver.o(.text)
    LCD_SetTextColor                         0x0800105b   Thumb Code     8  lcd_driver.o(.text)
    LCD_DrawCircle                           0x08001063   Thumb Code   182  lcd_driver.o(.text)
    getColor                                 0x08001119   Thumb Code    72  main_menu.o(.text)
    Creat_Menu_String                        0x08001161   Thumb Code    56  main_menu.o(.text)
    Initi_Show_Main_Menu                     0x08001199   Thumb Code    74  main_menu.o(.text)
    Move_Show_Main_Menu                      0x080011e3   Thumb Code    86  main_menu.o(.text)
    enter_Moudle                             0x08001239   Thumb Code    50  main_menu.o(.text)
    Main_Menu                                0x0800126b   Thumb Code    80  main_menu.o(.text)
    Change_u2s                               0x080012e9   Thumb Code     2  search_module.o(.text)
    Change_s2u                               0x080012eb   Thumb Code   408  search_module.o(.text)
    infer                                    0x08001483   Thumb Code    22  search_module.o(.text)
    draw_point                               0x08001499   Thumb Code    28  search_module.o(.text)
    Init_Paint                               0x080014b5   Thumb Code   230  search_module.o(.text)
    Search_Module                            0x0800159b   Thumb Code    50  search_module.o(.text)
    getTime                                  0x080015f9   Thumb Code    56  calculagraph.o(.text)
    Calculagraph                             0x08001631   Thumb Code   212  calculagraph.o(.text)
    Initi_Show_Setting_Menu                  0x08001749   Thumb Code    80  setting.o(.text)
    ChangeColor                              0x08001799   Thumb Code    40  setting.o(.text)
    Move_Show_Setting_Menu                   0x080017c1   Thumb Code    84  setting.o(.text)
    use_Setting                              0x08001815   Thumb Code    22  setting.o(.text)
    Setting                                  0x0800182b   Thumb Code    64  setting.o(.text)
    _ttywrch                                 0x08001889   Thumb Code     6  usart3.o(.text)
    USART_SendString                         0x0800188f   Thumb Code    40  usart3.o(.text)
    Init_MD0_MD1                             0x080018b7   Thumb Code    84  usart3.o(.text)
    USART2_Init                              0x0800190b   Thumb Code   176  usart3.o(.text)
    USART_Clear                              0x080019bb   Thumb Code    16  usart3.o(.text)
    USART_SenStr                             0x080019cb   Thumb Code    58  usart3.o(.text)
    USART2_IRQHandler                        0x08001a05   Thumb Code   122  usart3.o(.text)
    GetTime                                  0x08001aa1   Thumb Code    82  friendly_forces.o(.text)
    Initi_Show_Friendly_Forces_Menu          0x08001af3   Thumb Code    26  friendly_forces.o(.text)
    Initi_ChooseShoufa                       0x08001b0d   Thumb Code    78  friendly_forces.o(.text)
    showTime                                 0x08001b5b   Thumb Code   118  friendly_forces.o(.text)
    Move_Choose_shouFa                       0x08001bd1   Thumb Code    82  friendly_forces.o(.text)
    use_shouFa                               0x08001c23   Thumb Code    20  friendly_forces.o(.text)
    check_far                                0x08001c37   Thumb Code    40  friendly_forces.o(.text)
    get_Number                               0x08001c5f   Thumb Code    34  friendly_forces.o(.text)
    get_Ver                                  0x08001c81   Thumb Code    30  friendly_forces.o(.text)
    find_sigal                               0x08001c9f   Thumb Code   126  friendly_forces.o(.text)
    Friendly_Forces                          0x08001d1d   Thumb Code   934  friendly_forces.o(.text)
    SysTick_Handler                          0x08002119   Thumb Code    12  syst.o(.text)
    InitSysT                                 0x08002125   Thumb Code   106  syst.o(.text)
    miscos                                   0x0800218f   Thumb Code     6  syst.o(.text)
    USART3_Init                              0x080021a9   Thumb Code   178  usart55.o(.text)
    USART3_SenStr                            0x0800225b   Thumb Code    58  usart55.o(.text)
    USART3_IRQHandler                        0x08002295   Thumb Code   170  usart55.o(.text)
    LED_Init                                 0x08002365   Thumb Code    72  led.o(.text)
    KEY_Init                                 0x080023b5   Thumb Code    82  key.o(.text)
    KEY_Scan                                 0x08002407   Thumb Code   154  key.o(.text)
    TIM3_Int_Init                            0x080024b1   Thumb Code   102  timer.o(.text)
    TIM3_IRQHandler                          0x08002517   Thumb Code    32  timer.o(.text)
    TIM3_STOP                                0x08002537   Thumb Code    38  timer.o(.text)
    TIM7_Int_Init                            0x0800255d   Thumb Code    96  timer.o(.text)
    TIM7_IRQHandler                          0x080025bd   Thumb Code    32  timer.o(.text)
    delay_init                               0x080025fd   Thumb Code    50  delay.o(.text)
    delay_us                                 0x0800262f   Thumb Code    72  delay.o(.text)
    delay_ms                                 0x08002677   Thumb Code    72  delay.o(.text)
    _sys_exit                                0x080026d1   Thumb Code     6  usart.o(.text)
    fputc                                    0x080026d7   Thumb Code    24  usart.o(.text)
    uart_init                                0x080026ef   Thumb Code   152  usart.o(.text)
    USART1_IRQHandler                        0x08002787   Thumb Code   122  usart.o(.text)
    Reset_Handler                            0x08002811   Thumb Code     8  startup_stm32f10x_hd.o(.text)
    ADC1_2_IRQHandler                        0x0800282b   Thumb Code     0  startup_stm32f10x_hd.o(.text)
    ADC3_IRQHandler                          0x0800282b   Thumb Code     0  startup_stm32f10x_hd.o(.text)
    CAN1_RX1_IRQHandler                      0x0800282b   Thumb Code     0  startup_stm32f10x_hd.o(.text)
    CAN1_SCE_IRQHandler                      0x0800282b   Thumb Code     0  startup_stm32f10x_hd.o(.text)
    DMA1_Channel1_IRQHandler                 0x0800282b   Thumb Code     0  startup_stm32f10x_hd.o(.text)
    DMA1_Channel2_IRQHandler                 0x0800282b   Thumb Code     0  startup_stm32f10x_hd.o(.text)
    DMA1_Channel3_IRQHandler                 0x0800282b   Thumb Code     0  startup_stm32f10x_hd.o(.text)
    DMA1_Channel4_IRQHandler                 0x0800282b   Thumb Code     0  startup_stm32f10x_hd.o(.text)
    DMA1_Channel5_IRQHandler                 0x0800282b   Thumb Code     0  startup_stm32f10x_hd.o(.text)
    DMA1_Channel6_IRQHandler                 0x0800282b   Thumb Code     0  startup_stm32f10x_hd.o(.text)
    DMA1_Channel7_IRQHandler                 0x0800282b   Thumb Code     0  startup_stm32f10x_hd.o(.text)
    DMA2_Channel1_IRQHandler                 0x0800282b   Thumb Code     0  startup_stm32f10x_hd.o(.text)
    DMA2_Channel2_IRQHandler                 0x0800282b   Thumb Code     0  startup_stm32f10x_hd.o(.text)
    DMA2_Channel3_IRQHandler                 0x0800282b   Thumb Code     0  startup_stm32f10x_hd.o(.text)
    DMA2_Channel4_5_IRQHandler               0x0800282b   Thumb Code     0  startup_stm32f10x_hd.o(.text)
    EXTI0_IRQHandler                         0x0800282b   Thumb Code     0  startup_stm32f10x_hd.o(.text)
    EXTI15_10_IRQHandler                     0x0800282b   Thumb Code     0  startup_stm32f10x_hd.o(.text)
    EXTI1_IRQHandler                         0x0800282b   Thumb Code     0  startup_stm32f10x_hd.o(.text)
    EXTI2_IRQHandler                         0x0800282b   Thumb Code     0  startup_stm32f10x_hd.o(.text)
    EXTI3_IRQHandler                         0x0800282b   Thumb Code     0  startup_stm32f10x_hd.o(.text)
    EXTI4_IRQHandler                         0x0800282b   Thumb Code     0  startup_stm32f10x_hd.o(.text)
    EXTI9_5_IRQHandler                       0x0800282b   Thumb Code     0  startup_stm32f10x_hd.o(.text)
    FLASH_IRQHandler                         0x0800282b   Thumb Code     0  startup_stm32f10x_hd.o(.text)
    FSMC_IRQHandler                          0x0800282b   Thumb Code     0  startup_stm32f10x_hd.o(.text)
    I2C1_ER_IRQHandler                       0x0800282b   Thumb Code     0  startup_stm32f10x_hd.o(.text)
    I2C1_EV_IRQHandler                       0x0800282b   Thumb Code     0  startup_stm32f10x_hd.o(.text)
    I2C2_ER_IRQHandler                       0x0800282b   Thumb Code     0  startup_stm32f10x_hd.o(.text)
    I2C2_EV_IRQHandler                       0x0800282b   Thumb Code     0  startup_stm32f10x_hd.o(.text)
    PVD_IRQHandler                           0x0800282b   Thumb Code     0  startup_stm32f10x_hd.o(.text)
    RCC_IRQHandler                           0x0800282b   Thumb Code     0  startup_stm32f10x_hd.o(.text)
    RTCAlarm_IRQHandler                      0x0800282b   Thumb Code     0  startup_stm32f10x_hd.o(.text)
    RTC_IRQHandler                           0x0800282b   Thumb Code     0  startup_stm32f10x_hd.o(.text)
    SDIO_IRQHandler                          0x0800282b   Thumb Code     0  startup_stm32f10x_hd.o(.text)
    SPI1_IRQHandler                          0x0800282b   Thumb Code     0  startup_stm32f10x_hd.o(.text)
    SPI2_IRQHandler                          0x0800282b   Thumb Code     0  startup_stm32f10x_hd.o(.text)
    SPI3_IRQHandler                          0x0800282b   Thumb Code     0  startup_stm32f10x_hd.o(.text)
    TAMPER_IRQHandler                        0x0800282b   Thumb Code     0  startup_stm32f10x_hd.o(.text)
    TIM1_BRK_IRQHandler                      0x0800282b   Thumb Code     0  startup_stm32f10x_hd.o(.text)
    TIM1_CC_IRQHandler                       0x0800282b   Thumb Code     0  startup_stm32f10x_hd.o(.text)
    TIM1_TRG_COM_IRQHandler                  0x0800282b   Thumb Code     0  startup_stm32f10x_hd.o(.text)
    TIM1_UP_IRQHandler                       0x0800282b   Thumb Code     0  startup_stm32f10x_hd.o(.text)
    TIM2_IRQHandler                          0x0800282b   Thumb Code     0  startup_stm32f10x_hd.o(.text)
    TIM4_IRQHandler                          0x0800282b   Thumb Code     0  startup_stm32f10x_hd.o(.text)
    TIM5_IRQHandler                          0x0800282b   Thumb Code     0  startup_stm32f10x_hd.o(.text)
    TIM6_IRQHandler                          0x0800282b   Thumb Code     0  startup_stm32f10x_hd.o(.text)
    TIM8_BRK_IRQHandler                      0x0800282b   Thumb Code     0  startup_stm32f10x_hd.o(.text)
    TIM8_CC_IRQHandler                       0x0800282b   Thumb Code     0  startup_stm32f10x_hd.o(.text)
    TIM8_TRG_COM_IRQHandler                  0x0800282b   Thumb Code     0  startup_stm32f10x_hd.o(.text)
    TIM8_UP_IRQHandler                       0x0800282b   Thumb Code     0  startup_stm32f10x_hd.o(.text)
    UART4_IRQHandler                         0x0800282b   Thumb Code     0  startup_stm32f10x_hd.o(.text)
    UART5_IRQHandler                         0x0800282b   Thumb Code     0  startup_stm32f10x_hd.o(.text)
    USBWakeUp_IRQHandler                     0x0800282b   Thumb Code     0  startup_stm32f10x_hd.o(.text)
    USB_HP_CAN1_TX_IRQHandler                0x0800282b   Thumb Code     0  startup_stm32f10x_hd.o(.text)
    USB_LP_CAN1_RX0_IRQHandler               0x0800282b   Thumb Code     0  startup_stm32f10x_hd.o(.text)
    WWDG_IRQHandler                          0x0800282b   Thumb Code     0  startup_stm32f10x_hd.o(.text)
    __user_initial_stackheap                 0x0800282d   Thumb Code     0  startup_stm32f10x_hd.o(.text)
    GPIO_DeInit                              0x08002851   Thumb Code   172  stm32f10x_gpio.o(.text)
    GPIO_AFIODeInit                          0x080028fd   Thumb Code    20  stm32f10x_gpio.o(.text)
    GPIO_Init                                0x08002911   Thumb Code   278  stm32f10x_gpio.o(.text)
    GPIO_StructInit                          0x08002a27   Thumb Code    16  stm32f10x_gpio.o(.text)
    GPIO_ReadInputDataBit                    0x08002a37   Thumb Code    18  stm32f10x_gpio.o(.text)
    GPIO_ReadInputData                       0x08002a49   Thumb Code     8  stm32f10x_gpio.o(.text)
    GPIO_ReadOutputDataBit                   0x08002a51   Thumb Code    18  stm32f10x_gpio.o(.text)
    GPIO_ReadOutputData                      0x08002a63   Thumb Code     8  stm32f10x_gpio.o(.text)
    GPIO_SetBits                             0x08002a6b   Thumb Code     4  stm32f10x_gpio.o(.text)
    GPIO_ResetBits                           0x08002a6f   Thumb Code     4  stm32f10x_gpio.o(.text)
    GPIO_WriteBit                            0x08002a73   Thumb Code    10  stm32f10x_gpio.o(.text)
    GPIO_Write                               0x08002a7d   Thumb Code     4  stm32f10x_gpio.o(.text)
    GPIO_PinLockConfig                       0x08002a81   Thumb Code    18  stm32f10x_gpio.o(.text)
    GPIO_EventOutputConfig                   0x08002a93   Thumb Code    26  stm32f10x_gpio.o(.text)
    GPIO_EventOutputCmd                      0x08002aad   Thumb Code     6  stm32f10x_gpio.o(.text)
    GPIO_PinRemapConfig                      0x08002ab3   Thumb Code   138  stm32f10x_gpio.o(.text)
    GPIO_EXTILineConfig                      0x08002b3d   Thumb Code    66  stm32f10x_gpio.o(.text)
    GPIO_ETH_MediaInterfaceConfig            0x08002b7f   Thumb Code     8  stm32f10x_gpio.o(.text)
    RCC_DeInit                               0x08002bad   Thumb Code    64  stm32f10x_rcc.o(.text)
    RCC_HSEConfig                            0x08002bed   Thumb Code    70  stm32f10x_rcc.o(.text)
    RCC_GetFlagStatus                        0x08002c33   Thumb Code    56  stm32f10x_rcc.o(.text)
    RCC_WaitForHSEStartUp                    0x08002c6b   Thumb Code    58  stm32f10x_rcc.o(.text)
    RCC_AdjustHSICalibrationValue            0x08002ca5   Thumb Code    20  stm32f10x_rcc.o(.text)
    RCC_HSICmd                               0x08002cb9   Thumb Code     6  stm32f10x_rcc.o(.text)
    RCC_PLLConfig                            0x08002cbf   Thumb Code    24  stm32f10x_rcc.o(.text)
    RCC_PLLCmd                               0x08002cd7   Thumb Code     6  stm32f10x_rcc.o(.text)
    RCC_SYSCLKConfig                         0x08002cdd   Thumb Code    18  stm32f10x_rcc.o(.text)
    RCC_GetSYSCLKSource                      0x08002cef   Thumb Code    10  stm32f10x_rcc.o(.text)
    RCC_HCLKConfig                           0x08002cf9   Thumb Code    18  stm32f10x_rcc.o(.text)
    RCC_PCLK1Config                          0x08002d0b   Thumb Code    18  stm32f10x_rcc.o(.text)
    RCC_PCLK2Config                          0x08002d1d   Thumb Code    20  stm32f10x_rcc.o(.text)
    RCC_ITConfig                             0x08002d31   Thumb Code    26  stm32f10x_rcc.o(.text)
    RCC_USBCLKConfig                         0x08002d4b   Thumb Code     8  stm32f10x_rcc.o(.text)
    RCC_ADCCLKConfig                         0x08002d53   Thumb Code    18  stm32f10x_rcc.o(.text)
    RCC_LSEConfig                            0x08002d65   Thumb Code    50  stm32f10x_rcc.o(.text)
    RCC_LSICmd                               0x08002d97   Thumb Code     6  stm32f10x_rcc.o(.text)
    RCC_RTCCLKConfig                         0x08002d9d   Thumb Code    12  stm32f10x_rcc.o(.text)
    RCC_RTCCLKCmd                            0x08002da9   Thumb Code     8  stm32f10x_rcc.o(.text)
    RCC_GetClocksFreq                        0x08002db1   Thumb Code   192  stm32f10x_rcc.o(.text)
    RCC_AHBPeriphClockCmd                    0x08002e71   Thumb Code    26  stm32f10x_rcc.o(.text)
    RCC_APB2PeriphClockCmd                   0x08002e8b   Thumb Code    26  stm32f10x_rcc.o(.text)
    RCC_APB1PeriphClockCmd                   0x08002ea5   Thumb Code    26  stm32f10x_rcc.o(.text)
    RCC_APB2PeriphResetCmd                   0x08002ebf   Thumb Code    26  stm32f10x_rcc.o(.text)
    RCC_APB1PeriphResetCmd                   0x08002ed9   Thumb Code    26  stm32f10x_rcc.o(.text)
    RCC_BackupResetCmd                       0x08002ef3   Thumb Code     8  stm32f10x_rcc.o(.text)
    RCC_ClockSecuritySystemCmd               0x08002efb   Thumb Code     6  stm32f10x_rcc.o(.text)
    RCC_MCOConfig                            0x08002f01   Thumb Code     6  stm32f10x_rcc.o(.text)
    RCC_ClearFlag                            0x08002f07   Thumb Code    14  stm32f10x_rcc.o(.text)
    RCC_GetITStatus                          0x08002f15   Thumb Code    20  stm32f10x_rcc.o(.text)
    RCC_ClearITPendingBit                    0x08002f29   Thumb Code     6  stm32f10x_rcc.o(.text)
    USART_DeInit                             0x08002f55   Thumb Code   134  stm32f10x_usart.o(.text)
    USART_Init                               0x08002fdb   Thumb Code   210  stm32f10x_usart.o(.text)
    USART_StructInit                         0x080030ad   Thumb Code    24  stm32f10x_usart.o(.text)
    USART_ClockInit                          0x080030c5   Thumb Code    34  stm32f10x_usart.o(.text)
    USART_ClockStructInit                    0x080030e7   Thumb Code    12  stm32f10x_usart.o(.text)
    USART_Cmd                                0x080030f3   Thumb Code    24  stm32f10x_usart.o(.text)
    USART_ITConfig                           0x0800310b   Thumb Code    74  stm32f10x_usart.o(.text)
    USART_DMACmd                             0x08003155   Thumb Code    18  stm32f10x_usart.o(.text)
    USART_SetAddress                         0x08003167   Thumb Code    18  stm32f10x_usart.o(.text)
    USART_WakeUpConfig                       0x08003179   Thumb Code    18  stm32f10x_usart.o(.text)
    USART_ReceiverWakeUpCmd                  0x0800318b   Thumb Code    24  stm32f10x_usart.o(.text)
    USART_LINBreakDetectLengthConfig         0x080031a3   Thumb Code    18  stm32f10x_usart.o(.text)
    USART_LINCmd                             0x080031b5   Thumb Code    24  stm32f10x_usart.o(.text)
    USART_SendData                           0x080031cd   Thumb Code     8  stm32f10x_usart.o(.text)
    USART_ReceiveData                        0x080031d5   Thumb Code    10  stm32f10x_usart.o(.text)
    USART_SendBreak                          0x080031df   Thumb Code    10  stm32f10x_usart.o(.text)
    USART_SetGuardTime                       0x080031e9   Thumb Code    16  stm32f10x_usart.o(.text)
    USART_SetPrescaler                       0x080031f9   Thumb Code    16  stm32f10x_usart.o(.text)
    USART_SmartCardCmd                       0x08003209   Thumb Code    24  stm32f10x_usart.o(.text)
    USART_SmartCardNACKCmd                   0x08003221   Thumb Code    24  stm32f10x_usart.o(.text)
    USART_HalfDuplexCmd                      0x08003239   Thumb Code    24  stm32f10x_usart.o(.text)
    USART_OverSampling8Cmd                   0x08003251   Thumb Code    22  stm32f10x_usart.o(.text)
    USART_OneBitMethodCmd                    0x08003267   Thumb Code    24  stm32f10x_usart.o(.text)
    USART_IrDAConfig                         0x0800327f   Thumb Code    18  stm32f10x_usart.o(.text)
    USART_IrDACmd                            0x08003291   Thumb Code    24  stm32f10x_usart.o(.text)
    USART_GetFlagStatus                      0x080032a9   Thumb Code    26  stm32f10x_usart.o(.text)
    USART_ClearFlag                          0x080032c3   Thumb Code    18  stm32f10x_usart.o(.text)
    USART_GetITStatus                        0x080032d5   Thumb Code    84  stm32f10x_usart.o(.text)
    USART_ClearITPendingBit                  0x08003329   Thumb Code    52  stm32f10x_usart.o(.text)
    NVIC_PriorityGroupConfig                 0x0800335d   Thumb Code    10  misc.o(.text)
    NVIC_Init                                0x08003367   Thumb Code   100  misc.o(.text)
    NVIC_SetVectorTable                      0x080033cb   Thumb Code    14  misc.o(.text)
    NVIC_SystemLPConfig                      0x080033d9   Thumb Code    34  misc.o(.text)
    SysTick_CLKSourceConfig                  0x080033fb   Thumb Code    40  misc.o(.text)
    TIM_DeInit                               0x08003439   Thumb Code   424  stm32f10x_tim.o(.text)
    TIM_TimeBaseInit                         0x080035e1   Thumb Code   122  stm32f10x_tim.o(.text)
    TIM_OC1Init                              0x0800365b   Thumb Code   132  stm32f10x_tim.o(.text)
    TIM_OC2Init                              0x080036df   Thumb Code   154  stm32f10x_tim.o(.text)
    TIM_OC3Init                              0x08003779   Thumb Code   150  stm32f10x_tim.o(.text)
    TIM_OC4Init                              0x0800380f   Thumb Code   182  stm32f10x_tim.o(.text)
    TIM_SetIC4Prescaler                      0x080038c5   Thumb Code    26  stm32f10x_tim.o(.text)
    TIM_SetIC3Prescaler                      0x08003961   Thumb Code    18  stm32f10x_tim.o(.text)
    TIM_SetIC2Prescaler                      0x080039ed   Thumb Code    26  stm32f10x_tim.o(.text)
    TIM_SetIC1Prescaler                      0x08003a89   Thumb Code    18  stm32f10x_tim.o(.text)
    TIM_ICInit                               0x08003b07   Thumb Code   150  stm32f10x_tim.o(.text)
    TIM_PWMIConfig                           0x08003b9d   Thumb Code   124  stm32f10x_tim.o(.text)
    TIM_BDTRConfig                           0x08003c19   Thumb Code    32  stm32f10x_tim.o(.text)
    TIM_TimeBaseStructInit                   0x08003c39   Thumb Code    18  stm32f10x_tim.o(.text)
    TIM_OCStructInit                         0x08003c4b   Thumb Code    20  stm32f10x_tim.o(.text)
    TIM_ICStructInit                         0x08003c5f   Thumb Code    18  stm32f10x_tim.o(.text)
    TIM_BDTRStructInit                       0x08003c71   Thumb Code    40  stm32f10x_tim.o(.text)
    TIM_Cmd                                  0x08003c99   Thumb Code    24  stm32f10x_tim.o(.text)
    TIM_CtrlPWMOutputs                       0x08003cb1   Thumb Code    30  stm32f10x_tim.o(.text)
    TIM_ITConfig                             0x08003ccf   Thumb Code    18  stm32f10x_tim.o(.text)
    TIM_GenerateEvent                        0x08003ce1   Thumb Code     4  stm32f10x_tim.o(.text)
    TIM_DMAConfig                            0x08003ce5   Thumb Code    10  stm32f10x_tim.o(.text)
    TIM_DMACmd                               0x08003cef   Thumb Code    18  stm32f10x_tim.o(.text)
    TIM_InternalClockConfig                  0x08003d01   Thumb Code    12  stm32f10x_tim.o(.text)
    TIM_SelectInputTrigger                   0x08003d0d   Thumb Code    18  stm32f10x_tim.o(.text)
    TIM_ITRxExternalClockConfig              0x08003d1f   Thumb Code    24  stm32f10x_tim.o(.text)
    TIM_TIxExternalClockConfig               0x08003d37   Thumb Code    62  stm32f10x_tim.o(.text)
    TIM_ETRConfig                            0x08003d75   Thumb Code    28  stm32f10x_tim.o(.text)
    TIM_ETRClockMode1Config                  0x08003d91   Thumb Code    54  stm32f10x_tim.o(.text)
    TIM_ETRClockMode2Config                  0x08003dc7   Thumb Code    32  stm32f10x_tim.o(.text)
    TIM_PrescalerConfig                      0x08003de7   Thumb Code     6  stm32f10x_tim.o(.text)
    TIM_CounterModeConfig                    0x08003ded   Thumb Code    18  stm32f10x_tim.o(.text)
    TIM_EncoderInterfaceConfig               0x08003dff   Thumb Code    66  stm32f10x_tim.o(.text)
    TIM_ForcedOC1Config                      0x08003e41   Thumb Code    18  stm32f10x_tim.o(.text)
    TIM_ForcedOC2Config                      0x08003e53   Thumb Code    26  stm32f10x_tim.o(.text)
    TIM_ForcedOC3Config                      0x08003e6d   Thumb Code    18  stm32f10x_tim.o(.text)
    TIM_ForcedOC4Config                      0x08003e7f   Thumb Code    26  stm32f10x_tim.o(.text)
    TIM_ARRPreloadConfig                     0x08003e99   Thumb Code    24  stm32f10x_tim.o(.text)
    TIM_SelectCOM                            0x08003eb1   Thumb Code    24  stm32f10x_tim.o(.text)
    TIM_SelectCCDMA                          0x08003ec9   Thumb Code    24  stm32f10x_tim.o(.text)
    TIM_CCPreloadControl                     0x08003ee1   Thumb Code    24  stm32f10x_tim.o(.text)
    TIM_OC1PreloadConfig                     0x08003ef9   Thumb Code    18  stm32f10x_tim.o(.text)
    TIM_OC2PreloadConfig                     0x08003f0b   Thumb Code    26  stm32f10x_tim.o(.text)
    TIM_OC3PreloadConfig                     0x08003f25   Thumb Code    18  stm32f10x_tim.o(.text)
    TIM_OC4PreloadConfig                     0x08003f37   Thumb Code    26  stm32f10x_tim.o(.text)
    TIM_OC1FastConfig                        0x08003f51   Thumb Code    18  stm32f10x_tim.o(.text)
    TIM_OC2FastConfig                        0x08003f63   Thumb Code    26  stm32f10x_tim.o(.text)
    TIM_OC3FastConfig                        0x08003f7d   Thumb Code    18  stm32f10x_tim.o(.text)
    TIM_OC4FastConfig                        0x08003f8f   Thumb Code    26  stm32f10x_tim.o(.text)
    TIM_ClearOC1Ref                          0x08003fa9   Thumb Code    18  stm32f10x_tim.o(.text)
    TIM_ClearOC2Ref                          0x08003fbb   Thumb Code    24  stm32f10x_tim.o(.text)
    TIM_ClearOC3Ref                          0x08003fd3   Thumb Code    18  stm32f10x_tim.o(.text)
    TIM_ClearOC4Ref                          0x08003fe5   Thumb Code    24  stm32f10x_tim.o(.text)
    TIM_OC1PolarityConfig                    0x08003ffd   Thumb Code    18  stm32f10x_tim.o(.text)
    TIM_OC1NPolarityConfig                   0x0800400f   Thumb Code    18  stm32f10x_tim.o(.text)
    TIM_OC2PolarityConfig                    0x08004021   Thumb Code    26  stm32f10x_tim.o(.text)
    TIM_OC2NPolarityConfig                   0x0800403b   Thumb Code    26  stm32f10x_tim.o(.text)
    TIM_OC3PolarityConfig                    0x08004055   Thumb Code    26  stm32f10x_tim.o(.text)
    TIM_OC3NPolarityConfig                   0x0800406f   Thumb Code    26  stm32f10x_tim.o(.text)
    TIM_OC4PolarityConfig                    0x08004089   Thumb Code    26  stm32f10x_tim.o(.text)
    TIM_CCxCmd                               0x080040a3   Thumb Code    30  stm32f10x_tim.o(.text)
    TIM_CCxNCmd                              0x080040c1   Thumb Code    30  stm32f10x_tim.o(.text)
    TIM_SelectOCxM                           0x080040df   Thumb Code    82  stm32f10x_tim.o(.text)
    TIM_UpdateDisableConfig                  0x08004131   Thumb Code    24  stm32f10x_tim.o(.text)
    TIM_UpdateRequestConfig                  0x08004149   Thumb Code    24  stm32f10x_tim.o(.text)
    TIM_SelectHallSensor                     0x08004161   Thumb Code    24  stm32f10x_tim.o(.text)
    TIM_SelectOnePulseMode                   0x08004179   Thumb Code    18  stm32f10x_tim.o(.text)
    TIM_SelectOutputTrigger                  0x0800418b   Thumb Code    18  stm32f10x_tim.o(.text)
    TIM_SelectSlaveMode                      0x0800419d   Thumb Code    18  stm32f10x_tim.o(.text)
    TIM_SelectMasterSlaveMode                0x080041af   Thumb Code    18  stm32f10x_tim.o(.text)
    TIM_SetCounter                           0x080041c1   Thumb Code     4  stm32f10x_tim.o(.text)
    TIM_SetAutoreload                        0x080041c5   Thumb Code     4  stm32f10x_tim.o(.text)
    TIM_SetCompare1                          0x080041c9   Thumb Code     4  stm32f10x_tim.o(.text)
    TIM_SetCompare2                          0x080041cd   Thumb Code     4  stm32f10x_tim.o(.text)
    TIM_SetCompare3                          0x080041d1   Thumb Code     4  stm32f10x_tim.o(.text)
    TIM_SetCompare4                          0x080041d5   Thumb Code     6  stm32f10x_tim.o(.text)
    TIM_SetClockDivision                     0x080041db   Thumb Code    18  stm32f10x_tim.o(.text)
    TIM_GetCapture1                          0x080041ed   Thumb Code     6  stm32f10x_tim.o(.text)
    TIM_GetCapture2                          0x080041f3   Thumb Code     6  stm32f10x_tim.o(.text)
    TIM_GetCapture3                          0x080041f9   Thumb Code     6  stm32f10x_tim.o(.text)
    TIM_GetCapture4                          0x080041ff   Thumb Code     8  stm32f10x_tim.o(.text)
    TIM_GetCounter                           0x08004207   Thumb Code     6  stm32f10x_tim.o(.text)
    TIM_GetPrescaler                         0x0800420d   Thumb Code     6  stm32f10x_tim.o(.text)
    TIM_GetFlagStatus                        0x08004213   Thumb Code    18  stm32f10x_tim.o(.text)
    TIM_ClearFlag                            0x08004225   Thumb Code     6  stm32f10x_tim.o(.text)
    TIM_GetITStatus                          0x0800422b   Thumb Code    34  stm32f10x_tim.o(.text)
    TIM_ClearITPendingBit                    0x0800424d   Thumb Code     6  stm32f10x_tim.o(.text)
    __use_no_semihosting                     0x08004253   Thumb Code     2  use_no_semi_2.o(.text)
    __2printf                                0x08004255   Thumb Code    20  noretval__2printf.o(.text)
    __2sprintf                               0x0800426d   Thumb Code    34  noretval__2sprintf.o(.text)
    __printf                                 0x08004295   Thumb Code   104  __printf.o(.text)
    _printf_str                              0x080042fd   Thumb Code    82  _printf_str.o(.text)
    _printf_int_dec                          0x08004351   Thumb Code   104  _printf_dec.o(.text)
    atoi                                     0x080043c9   Thumb Code    26  atoi.o(.text)
    strcpy                                   0x080043e3   Thumb Code    72  strcpy.o(.text)
    strlen                                   0x0800442b   Thumb Code    62  strlen.o(.text)
    strcat                                   0x08004469   Thumb Code    24  strcat.o(.text)
    __aeabi_memcpy                           0x08004481   Thumb Code     0  rt_memcpy_v6.o(.text)
    __rt_memcpy                              0x08004481   Thumb Code   138  rt_memcpy_v6.o(.text)
    _memcpy_lastbytes                        0x080044e7   Thumb Code     0  rt_memcpy_v6.o(.text)
    __aeabi_memclr                           0x0800450b   Thumb Code     0  rt_memclr.o(.text)
    __rt_memclr                              0x0800450b   Thumb Code    68  rt_memclr.o(.text)
    _memset                                  0x0800450f   Thumb Code     0  rt_memclr.o(.text)
    strcmp                                   0x08004551   Thumb Code   128  strcmpv7m.o(.text)
    __use_two_region_memory                  0x080045d1   Thumb Code     2  heapauxi.o(.text)
    __rt_heap_escrow$2region                 0x080045d3   Thumb Code     2  heapauxi.o(.text)
    __rt_heap_expand$2region                 0x080045d5   Thumb Code     2  heapauxi.o(.text)
    __I$use$semihosting                      0x080045d7   Thumb Code     0  use_no_semi.o(.text)
    __use_no_semihosting_swi                 0x080045d7   Thumb Code     2  use_no_semi.o(.text)
    __aeabi_errno_addr                       0x080045d9   Thumb Code     8  rt_errno_addr_intlibspace.o(.text)
    __errno$intlibspace                      0x080045d9   Thumb Code     0  rt_errno_addr_intlibspace.o(.text)
    __rt_errno_addr$intlibspace              0x080045d9   Thumb Code     0  rt_errno_addr_intlibspace.o(.text)
    __read_errno                             0x080045e1   Thumb Code    10  _rserrno.o(.text)
    __set_errno                              0x080045eb   Thumb Code    12  _rserrno.o(.text)
    _printf_int_common                       0x080045f7   Thumb Code   178  _printf_intcommon.o(.text)
    _printf_char_common                      0x080046b3   Thumb Code    32  _printf_char_common.o(.text)
    _sputc                                   0x080046d9   Thumb Code    10  _sputc.o(.text)
    _printf_cs_common                        0x080046e3   Thumb Code    20  _printf_char.o(.text)
    _printf_char                             0x080046f7   Thumb Code    16  _printf_char.o(.text)
    _printf_string                           0x08004707   Thumb Code     8  _printf_char.o(.text)
    _printf_char_file                        0x08004711   Thumb Code    32  _printf_char_file.o(.text)
    strtol                                   0x08004735   Thumb Code   112  strtol.o(.text)
    __aeabi_memcpy4                          0x080047a5   Thumb Code     0  rt_memcpy_w.o(.text)
    __aeabi_memcpy8                          0x080047a5   Thumb Code     0  rt_memcpy_w.o(.text)
    __rt_memcpy_w                            0x080047a5   Thumb Code   100  rt_memcpy_w.o(.text)
    _memcpy_lastbytes_aligned                0x080047ed   Thumb Code     0  rt_memcpy_w.o(.text)
    __aeabi_memclr4                          0x08004809   Thumb Code     0  rt_memclr_w.o(.text)
    __aeabi_memclr8                          0x08004809   Thumb Code     0  rt_memclr_w.o(.text)
    __rt_memclr_w                            0x08004809   Thumb Code    78  rt_memclr_w.o(.text)
    _memset_w                                0x0800480d   Thumb Code     0  rt_memclr_w.o(.text)
    __user_libspace                          0x08004859   Thumb Code     8  libspace.o(.text)
    __user_perproc_libspace                  0x08004859   Thumb Code     0  libspace.o(.text)
    __user_perthread_libspace                0x08004859   Thumb Code     0  libspace.o(.text)
    __rt_ctype_table                         0x08004861   Thumb Code    16  rt_ctype_table.o(.text)
    _strtoul                                 0x08004871   Thumb Code   158  _strtoul.o(.text)
    ferror                                   0x0800490f   Thumb Code     8  ferror.o(.text)
    __user_setup_stackheap                   0x08004917   Thumb Code    74  sys_stackheap_outer.o(.text)
    __rt_locale                              0x08004961   Thumb Code     8  rt_locale_intlibspace.o(.text)
    _chval                                   0x08004969   Thumb Code    28  _chval.o(.text)
    exit                                     0x08004985   Thumb Code    18  exit.o(.text)
    __ARM_fpclassify                         0x08004997   Thumb Code    40  fpclassify.o(i.__ARM_fpclassify)
    __ieee754_rem_pio2                       0x080049c1   Thumb Code   828  rred.o(i.__ieee754_rem_pio2)
    __kernel_cos                             0x08004d49   Thumb Code   230  cos_i.o(i.__kernel_cos)
    __kernel_poly                            0x08004e45   Thumb Code   170  poly.o(i.__kernel_poly)
    __kernel_sin                             0x08004ef1   Thumb Code   224  sin_i.o(i.__kernel_sin)
    __mathlib_dbl_infnan                     0x08004fdd   Thumb Code     6  dunder.o(i.__mathlib_dbl_infnan)
    __mathlib_dbl_invalid                    0x08004fe3   Thumb Code    12  dunder.o(i.__mathlib_dbl_invalid)
    __mathlib_dbl_underflow                  0x08004ff1   Thumb Code    10  dunder.o(i.__mathlib_dbl_underflow)
    atan                                     0x08005001   Thumb Code   474  atan.o(i.atan)
    cos                                      0x08005221   Thumb Code   148  cos.o(i.cos)
    floor                                    0x080052bd   Thumb Code   204  floor.o(i.floor)
    sin                                      0x08005399   Thumb Code   150  sin.o(i.sin)
    _get_lc_ctype                            0x08005439   Thumb Code    44  lc_ctype_c.o(locale$$code)
    __aeabi_dadd                             0x08005465   Thumb Code     0  daddsub_clz.o(x$fpl$dadd)
    _dadd                                    0x08005465   Thumb Code   332  daddsub_clz.o(x$fpl$dadd)
    __fpl_dcheck_NaN1                        0x080055b5   Thumb Code    10  dcheck1.o(x$fpl$dcheck1)
    __fpl_dcmp_Inf                           0x080055c5   Thumb Code    24  dcmpi.o(x$fpl$dcmpinf)
    __aeabi_ddiv                             0x080055dd   Thumb Code     0  ddiv.o(x$fpl$ddiv)
    _ddiv                                    0x080055dd   Thumb Code   552  ddiv.o(x$fpl$ddiv)
    __aeabi_d2iz                             0x0800588d   Thumb Code     0  dfix.o(x$fpl$dfix)
    _dfix                                    0x0800588d   Thumb Code    94  dfix.o(x$fpl$dfix)
    __aeabi_i2d                              0x080058eb   Thumb Code     0  dflt_clz.o(x$fpl$dflt)
    _dflt                                    0x080058eb   Thumb Code    46  dflt_clz.o(x$fpl$dflt)
    __aeabi_ui2d                             0x08005919   Thumb Code     0  dflt_clz.o(x$fpl$dfltu)
    _dfltu                                   0x08005919   Thumb Code    38  dflt_clz.o(x$fpl$dfltu)
    __aeabi_cdcmple                          0x08005941   Thumb Code     0  dleqf.o(x$fpl$dleqf)
    _dcmple                                  0x08005941   Thumb Code   120  dleqf.o(x$fpl$dleqf)
    __fpl_dcmple_InfNaN                      0x080059a3   Thumb Code     0  dleqf.o(x$fpl$dleqf)
    __aeabi_dmul                             0x080059b9   Thumb Code     0  dmul.o(x$fpl$dmul)
    _dmul                                    0x080059b9   Thumb Code   332  dmul.o(x$fpl$dmul)
    __fpl_dnaninf                            0x08005b0d   Thumb Code   156  dnaninf.o(x$fpl$dnaninf)
    __fpl_dretinf                            0x08005ba9   Thumb Code    12  dretinf.o(x$fpl$dretinf)
    __aeabi_cdrcmple                         0x08005bb5   Thumb Code     0  drleqf.o(x$fpl$drleqf)
    _drcmple                                 0x08005bb5   Thumb Code   108  drleqf.o(x$fpl$drleqf)
    __aeabi_drsub                            0x08005c21   Thumb Code     0  daddsub_clz.o(x$fpl$drsb)
    _drsb                                    0x08005c21   Thumb Code    22  daddsub_clz.o(x$fpl$drsb)
    __aeabi_dsub                             0x08005c39   Thumb Code     0  daddsub_clz.o(x$fpl$dsub)
    _dsub                                    0x08005c39   Thumb Code   464  daddsub_clz.o(x$fpl$dsub)
    __fpl_return_NaN                         0x08005e0d   Thumb Code   100  retnan.o(x$fpl$retnan)
    __ARM_scalbn                             0x08005e71   Thumb Code    92  scalbn.o(x$fpl$scalbn)
    __fpl_cmpreturn                          0x08005ecd   Thumb Code    48  trapv.o(x$fpl$trapveneer)
    __I$use$fp                               0x08005efc   Number         0  usenofp.o(x$fpl$usenofp)
    asc16                                    0x08005efc   Data        1521  gui.o(.constdata)
    asc12                                    0x080064ed   Data        1141  gui.o(.constdata)
    sz32                                     0x08006962   Data        1921  gui.o(.constdata)
    Region$$Table$$Base                      0x08007314   Number         0  anon$$obj.o(Region$$Table)
    Region$$Table$$Limit                     0x08007334   Number         0  anon$$obj.o(Region$$Table)
    __ctype                                  0x08007341   Data           0  lc_ctype_c.o(locale$$data)
    SystemCoreClock                          0x20000000   Data           4  system_stm32f10x.o(.data)
    AHBPrescTable                            0x20000004   Data          16  system_stm32f10x.o(.data)
    arrays                                   0x20000014   Data          20  main_menu.o(.data)
    Text_color                               0x20000028   Data           2  main_menu.o(.data)
    Back_color                               0x2000002a   Data           2  main_menu.o(.data)
    Text_color_choose                        0x2000002c   Data           2  main_menu.o(.data)
    Back_color_choose                        0x2000002e   Data           2  main_menu.o(.data)
    colorIds                                 0x20000030   Data           1  main_menu.o(.data)
    time_sc_old                              0x20000040   Data           4  calculagraph.o(.data)
    arrays_setting                           0x20000044   Data          20  setting.o(.data)
    USART2_RX_STA                            0x20000058   Data           2  usart3.o(.data)
    indexs                                   0x2000008c   Data           4  usart55.o(.data)
    get_T                                    0x20000090   Data           4  usart55.o(.data)
    get_P                                    0x20000094   Data           4  usart55.o(.data)
    OK_s                                     0x20000098   Data           4  usart55.o(.data)
    total_times                              0x200000a0   Data           4  timer.o(.data)
    __stdout                                 0x200000a8   Data           4  usart.o(.data)
    USART_RX_STA                             0x200000ac   Data           2  usart.o(.data)
    str                                      0x200000c4   Data          20  calculagraph.o(.bss)
    usart2_buffer                            0x200000d8   Data         200  usart3.o(.bss)
    received_string                          0x200001ac   Data         201  usart55.o(.bss)
    USART_RX_BUF                             0x20000275   Data         200  usart.o(.bss)
    __libspace_start                         0x20000340   Data          96  libspace.o(.bss)
    __temporary_stack_top$libspace           0x200003a0   Data           0  libspace.o(.bss)



==============================================================================

Memory Map of the image

  Image Entry point : 0x08000131

  Load Region LR_IROM1 (Base: 0x08000000, Size: 0x00007508, Max: 0x00040000, ABSOLUTE)

    Execution Region ER_IROM1 (Base: 0x08000000, Size: 0x00007444, Max: 0x00040000, ABSOLUTE)

    Base Addr    Size         Type   Attr      Idx    E Section Name        Object

    0x08000000   0x00000130   Data   RO          517    RESET               startup_stm32f10x_hd.o
    0x08000130   0x00000008   Code   RO          653  * !!!main             c_w.l(__main.o)
    0x08000138   0x00000034   Code   RO          953    !!!scatter          c_w.l(__scatter.o)
    0x0800016c   0x0000001a   Code   RO          955    !!handler_copy      c_w.l(__scatter_copy.o)
    0x08000186   0x00000002   PAD
    0x08000188   0x0000001c   Code   RO          957    !!handler_zi        c_w.l(__scatter_zi.o)
    0x080001a4   0x00000000   Code   RO          636    .ARM.Collect$$_printf_percent$$00000000  c_w.l(_printf_percent.o)
    0x080001a4   0x00000006   Code   RO          635    .ARM.Collect$$_printf_percent$$00000009  c_w.l(_printf_d.o)
    0x080001aa   0x00000006   Code   RO          634    .ARM.Collect$$_printf_percent$$00000014  c_w.l(_printf_s.o)
    0x080001b0   0x00000004   Code   RO          717    .ARM.Collect$$_printf_percent$$00000017  c_w.l(_printf_percent_end.o)
    0x080001b4   0x00000002   Code   RO          826    .ARM.Collect$$libinit$$00000000  c_w.l(libinit.o)
    0x080001b6   0x00000000   Code   RO          834    .ARM.Collect$$libinit$$00000002  c_w.l(libinit2.o)
    0x080001b6   0x00000000   Code   RO          836    .ARM.Collect$$libinit$$00000004  c_w.l(libinit2.o)
    0x080001b6   0x00000000   Code   RO          839    .ARM.Collect$$libinit$$0000000A  c_w.l(libinit2.o)
    0x080001b6   0x00000000   Code   RO          841    .ARM.Collect$$libinit$$0000000C  c_w.l(libinit2.o)
    0x080001b6   0x00000000   Code   RO          843    .ARM.Collect$$libinit$$0000000E  c_w.l(libinit2.o)
    0x080001b6   0x00000006   Code   RO          844    .ARM.Collect$$libinit$$0000000F  c_w.l(libinit2.o)
    0x080001bc   0x00000000   Code   RO          846    .ARM.Collect$$libinit$$00000011  c_w.l(libinit2.o)
    0x080001bc   0x0000000c   Code   RO          847    .ARM.Collect$$libinit$$00000012  c_w.l(libinit2.o)
    0x080001c8   0x00000000   Code   RO          848    .ARM.Collect$$libinit$$00000013  c_w.l(libinit2.o)
    0x080001c8   0x00000000   Code   RO          850    .ARM.Collect$$libinit$$00000015  c_w.l(libinit2.o)
    0x080001c8   0x00000000   Code   RO          852    .ARM.Collect$$libinit$$00000017  c_w.l(libinit2.o)
    0x080001c8   0x00000000   Code   RO          854    .ARM.Collect$$libinit$$00000019  c_w.l(libinit2.o)
    0x080001c8   0x00000000   Code   RO          856    .ARM.Collect$$libinit$$0000001B  c_w.l(libinit2.o)
    0x080001c8   0x00000000   Code   RO          858    .ARM.Collect$$libinit$$0000001D  c_w.l(libinit2.o)
    0x080001c8   0x00000000   Code   RO          860    .ARM.Collect$$libinit$$0000001F  c_w.l(libinit2.o)
    0x080001c8   0x00000000   Code   RO          862    .ARM.Collect$$libinit$$00000021  c_w.l(libinit2.o)
    0x080001c8   0x00000000   Code   RO          864    .ARM.Collect$$libinit$$00000023  c_w.l(libinit2.o)
    0x080001c8   0x00000000   Code   RO          866    .ARM.Collect$$libinit$$00000025  c_w.l(libinit2.o)
    0x080001c8   0x00000000   Code   RO          870    .ARM.Collect$$libinit$$0000002C  c_w.l(libinit2.o)
    0x080001c8   0x00000000   Code   RO          872    .ARM.Collect$$libinit$$0000002E  c_w.l(libinit2.o)
    0x080001c8   0x00000000   Code   RO          874    .ARM.Collect$$libinit$$00000030  c_w.l(libinit2.o)
    0x080001c8   0x00000000   Code   RO          876    .ARM.Collect$$libinit$$00000032  c_w.l(libinit2.o)
    0x080001c8   0x00000002   Code   RO          877    .ARM.Collect$$libinit$$00000033  c_w.l(libinit2.o)
    0x080001ca   0x00000002   Code   RO          897    .ARM.Collect$$libshutdown$$00000000  c_w.l(libshutdown.o)
    0x080001cc   0x00000000   Code   RO          907    .ARM.Collect$$libshutdown$$00000002  c_w.l(libshutdown2.o)
    0x080001cc   0x00000000   Code   RO          909    .ARM.Collect$$libshutdown$$00000004  c_w.l(libshutdown2.o)
    0x080001cc   0x00000000   Code   RO          912    .ARM.Collect$$libshutdown$$00000007  c_w.l(libshutdown2.o)
    0x080001cc   0x00000000   Code   RO          915    .ARM.Collect$$libshutdown$$0000000A  c_w.l(libshutdown2.o)
    0x080001cc   0x00000000   Code   RO          917    .ARM.Collect$$libshutdown$$0000000C  c_w.l(libshutdown2.o)
    0x080001cc   0x00000000   Code   RO          920    .ARM.Collect$$libshutdown$$0000000F  c_w.l(libshutdown2.o)
    0x080001cc   0x00000002   Code   RO          921    .ARM.Collect$$libshutdown$$00000010  c_w.l(libshutdown2.o)
    0x080001ce   0x00000000   Code   RO          699    .ARM.Collect$$rtentry$$00000000  c_w.l(__rtentry.o)
    0x080001ce   0x00000000   Code   RO          779    .ARM.Collect$$rtentry$$00000002  c_w.l(__rtentry2.o)
    0x080001ce   0x00000006   Code   RO          791    .ARM.Collect$$rtentry$$00000004  c_w.l(__rtentry4.o)
    0x080001d4   0x00000000   Code   RO          781    .ARM.Collect$$rtentry$$00000009  c_w.l(__rtentry2.o)
    0x080001d4   0x00000004   Code   RO          782    .ARM.Collect$$rtentry$$0000000A  c_w.l(__rtentry2.o)
    0x080001d8   0x00000000   Code   RO          784    .ARM.Collect$$rtentry$$0000000C  c_w.l(__rtentry2.o)
    0x080001d8   0x00000008   Code   RO          785    .ARM.Collect$$rtentry$$0000000D  c_w.l(__rtentry2.o)
    0x080001e0   0x00000002   Code   RO          831    .ARM.Collect$$rtexit$$00000000  c_w.l(rtexit.o)
    0x080001e2   0x00000000   Code   RO          881    .ARM.Collect$$rtexit$$00000002  c_w.l(rtexit2.o)
    0x080001e2   0x00000004   Code   RO          882    .ARM.Collect$$rtexit$$00000003  c_w.l(rtexit2.o)
    0x080001e6   0x00000006   Code   RO          883    .ARM.Collect$$rtexit$$00000004  c_w.l(rtexit2.o)
    0x080001ec   0x0000004c   Code   RO            1    .text               main.o
    0x08000238   0x00000018   Code   RO          137    .text               stm32f10x_it.o
    0x08000250   0x000001e0   Code   RO          178    .text               system_stm32f10x.o
    0x08000430   0x000007a0   Code   RO          196    .text               gui.o
    0x08000bd0   0x00000548   Code   RO          214    .text               lcd_driver.o
    0x08001118   0x000001d0   Code   RO          229    .text               main_menu.o
    0x080012e8   0x00000310   Code   RO          257    .text               search_module.o
    0x080015f8   0x00000150   Code   RO          275    .text               calculagraph.o
    0x08001748   0x00000140   Code   RO          296    .text               setting.o
    0x08001888   0x00000218   Code   RO          313    .text               usart3.o
    0x08001aa0   0x00000678   Code   RO          348    .text               friendly_forces.o
    0x08002118   0x00000090   Code   RO          371    .text               syst.o
    0x080021a8   0x000001bc   Code   RO          389    .text               usart55.o
    0x08002364   0x00000050   Code   RO          408    .text               led.o
    0x080023b4   0x000000fc   Code   RO          420    .text               key.o
    0x080024b0   0x0000014c   Code   RO          433    .text               timer.o
    0x080025fc   0x000000d4   Code   RO          451    .text               delay.o
    0x080026d0   0x00000140   Code   RO          482    .text               usart.o
    0x08002810   0x00000040   Code   RO          518    .text               startup_stm32f10x_hd.o
    0x08002850   0x0000035c   Code   RO          522    .text               stm32f10x_gpio.o
    0x08002bac   0x000003a8   Code   RO          534    .text               stm32f10x_rcc.o
    0x08002f54   0x00000408   Code   RO          548    .text               stm32f10x_usart.o
    0x0800335c   0x000000dc   Code   RO          560    .text               misc.o
    0x08003438   0x00000e1a   Code   RO          572    .text               stm32f10x_tim.o
    0x08004252   0x00000002   Code   RO          598    .text               c_w.l(use_no_semi_2.o)
    0x08004254   0x00000018   Code   RO          604    .text               c_w.l(noretval__2printf.o)
    0x0800426c   0x00000028   Code   RO          606    .text               c_w.l(noretval__2sprintf.o)
    0x08004294   0x00000068   Code   RO          608    .text               c_w.l(__printf.o)
    0x080042fc   0x00000052   Code   RO          610    .text               c_w.l(_printf_str.o)
    0x0800434e   0x00000002   PAD
    0x08004350   0x00000078   Code   RO          612    .text               c_w.l(_printf_dec.o)
    0x080043c8   0x0000001a   Code   RO          637    .text               c_w.l(atoi.o)
    0x080043e2   0x00000048   Code   RO          639    .text               c_w.l(strcpy.o)
    0x0800442a   0x0000003e   Code   RO          641    .text               c_w.l(strlen.o)
    0x08004468   0x00000018   Code   RO          643    .text               c_w.l(strcat.o)
    0x08004480   0x0000008a   Code   RO          645    .text               c_w.l(rt_memcpy_v6.o)
    0x0800450a   0x00000044   Code   RO          647    .text               c_w.l(rt_memclr.o)
    0x0800454e   0x00000002   PAD
    0x08004550   0x00000080   Code   RO          649    .text               c_w.l(strcmpv7m.o)
    0x080045d0   0x00000006   Code   RO          651    .text               c_w.l(heapauxi.o)
    0x080045d6   0x00000002   Code   RO          697    .text               c_w.l(use_no_semi.o)
    0x080045d8   0x00000008   Code   RO          703    .text               c_w.l(rt_errno_addr_intlibspace.o)
    0x080045e0   0x00000016   Code   RO          705    .text               c_w.l(_rserrno.o)
    0x080045f6   0x000000b2   Code   RO          707    .text               c_w.l(_printf_intcommon.o)
    0x080046a8   0x00000030   Code   RO          709    .text               c_w.l(_printf_char_common.o)
    0x080046d8   0x0000000a   Code   RO          711    .text               c_w.l(_sputc.o)
    0x080046e2   0x0000002c   Code   RO          713    .text               c_w.l(_printf_char.o)
    0x0800470e   0x00000002   PAD
    0x08004710   0x00000024   Code   RO          715    .text               c_w.l(_printf_char_file.o)
    0x08004734   0x00000070   Code   RO          718    .text               c_w.l(strtol.o)
    0x080047a4   0x00000064   Code   RO          720    .text               c_w.l(rt_memcpy_w.o)
    0x08004808   0x0000004e   Code   RO          722    .text               c_w.l(rt_memclr_w.o)
    0x08004856   0x00000002   PAD
    0x08004858   0x00000008   Code   RO          775    .text               c_w.l(libspace.o)
    0x08004860   0x00000010   Code   RO          793    .text               c_w.l(rt_ctype_table.o)
    0x08004870   0x0000009e   Code   RO          797    .text               c_w.l(_strtoul.o)
    0x0800490e   0x00000008   Code   RO          799    .text               c_w.l(ferror.o)
    0x08004916   0x0000004a   Code   RO          807    .text               c_w.l(sys_stackheap_outer.o)
    0x08004960   0x00000008   Code   RO          812    .text               c_w.l(rt_locale_intlibspace.o)
    0x08004968   0x0000001c   Code   RO          814    .text               c_w.l(_chval.o)
    0x08004984   0x00000012   Code   RO          819    .text               c_w.l(exit.o)
    0x08004996   0x00000028   Code   RO          760    i.__ARM_fpclassify  m_ws.l(fpclassify.o)
    0x080049be   0x00000002   PAD
    0x080049c0   0x00000388   Code   RO          764    i.__ieee754_rem_pio2  m_ws.l(rred.o)
    0x08004d48   0x000000fc   Code   RO          743    i.__kernel_cos      m_ws.l(cos_i.o)
    0x08004e44   0x000000aa   Code   RO          762    i.__kernel_poly     m_ws.l(poly.o)
    0x08004eee   0x00000002   PAD
    0x08004ef0   0x000000ec   Code   RO          769    i.__kernel_sin      m_ws.l(sin_i.o)
    0x08004fdc   0x00000006   Code   RO          747    i.__mathlib_dbl_infnan  m_ws.l(dunder.o)
    0x08004fe2   0x0000000c   Code   RO          749    i.__mathlib_dbl_invalid  m_ws.l(dunder.o)
    0x08004fee   0x00000002   PAD
    0x08004ff0   0x00000010   Code   RO          752    i.__mathlib_dbl_underflow  m_ws.l(dunder.o)
    0x08005000   0x00000220   Code   RO          668    i.atan              m_ws.l(atan.o)
    0x08005220   0x0000009c   Code   RO          678    i.cos               m_ws.l(cos.o)
    0x080052bc   0x000000dc   Code   RO          686    i.floor             m_ws.l(floor.o)
    0x08005398   0x000000a0   Code   RO          690    i.sin               m_ws.l(sin.o)
    0x08005438   0x0000002c   Code   RO          817    locale$$code        c_w.l(lc_ctype_c.o)
    0x08005464   0x00000150   Code   RO          724    x$fpl$dadd          fz_ws.l(daddsub_clz.o)
    0x080055b4   0x00000010   Code   RO          803    x$fpl$dcheck1       fz_ws.l(dcheck1.o)
    0x080055c4   0x00000018   Code   RO          827    x$fpl$dcmpinf       fz_ws.l(dcmpi.o)
    0x080055dc   0x000002b0   Code   RO          731    x$fpl$ddiv          fz_ws.l(ddiv.o)
    0x0800588c   0x0000005e   Code   RO          655    x$fpl$dfix          fz_ws.l(dfix.o)
    0x080058ea   0x0000002e   Code   RO          660    x$fpl$dflt          fz_ws.l(dflt_clz.o)
    0x08005918   0x00000026   Code   RO          659    x$fpl$dfltu         fz_ws.l(dflt_clz.o)
    0x0800593e   0x00000002   PAD
    0x08005940   0x00000078   Code   RO          805    x$fpl$dleqf         fz_ws.l(dleqf.o)
    0x080059b8   0x00000154   Code   RO          665    x$fpl$dmul          fz_ws.l(dmul.o)
    0x08005b0c   0x0000009c   Code   RO          734    x$fpl$dnaninf       fz_ws.l(dnaninf.o)
    0x08005ba8   0x0000000c   Code   RO          736    x$fpl$dretinf       fz_ws.l(dretinf.o)
    0x08005bb4   0x0000006c   Code   RO          738    x$fpl$drleqf        fz_ws.l(drleqf.o)
    0x08005c20   0x00000016   Code   RO          725    x$fpl$drsb          fz_ws.l(daddsub_clz.o)
    0x08005c36   0x00000002   PAD
    0x08005c38   0x000001d4   Code   RO          726    x$fpl$dsub          fz_ws.l(daddsub_clz.o)
    0x08005e0c   0x00000064   Code   RO          829    x$fpl$retnan        fz_ws.l(retnan.o)
    0x08005e70   0x0000005c   Code   RO          740    x$fpl$scalbn        fz_ws.l(scalbn.o)
    0x08005ecc   0x00000030   Code   RO          878    x$fpl$trapveneer    fz_ws.l(trapv.o)
    0x08005efc   0x00000000   Code   RO          742    x$fpl$usenofp       fz_ws.l(usenofp.o)
    0x08005efc   0x000011e7   Data   RO          197    .constdata          gui.o
    0x080070e3   0x00000005   PAD
    0x080070e8   0x00000098   Data   RO          669    .constdata          m_ws.l(atan.o)
    0x08007180   0x00000030   Data   RO          744    .constdata          m_ws.l(cos_i.o)
    0x080071b0   0x000000c8   Data   RO          766    .constdata          m_ws.l(rred.o)
    0x08007278   0x00000028   Data   RO          770    .constdata          m_ws.l(sin_i.o)
    0x080072a0   0x0000003f   Data   RO          230    .conststring        main_menu.o
    0x080072df   0x00000001   PAD
    0x080072e0   0x00000025   Data   RO          297    .conststring        setting.o
    0x08007305   0x00000003   PAD
    0x08007308   0x0000000c   Data   RO          350    .conststring        friendly_forces.o
    0x08007314   0x00000020   Data   RO          951    Region$$Table       anon$$obj.o
    0x08007334   0x00000110   Data   RO          816    locale$$data        c_w.l(lc_ctype_c.o)


    Execution Region RW_IRAM1 (Base: 0x20000000, Size: 0x000009a0, Max: 0x0000c000, ABSOLUTE)

    Base Addr    Size         Type   Attr      Idx    E Section Name        Object

    0x20000000   0x00000014   Data   RW          179    .data               system_stm32f10x.o
    0x20000014   0x0000001d   Data   RW          231    .data               main_menu.o
    0x20000031   0x00000001   PAD
    0x20000032   0x0000000e   Data   RW          258    .data               search_module.o
    0x20000040   0x00000004   Data   RW          277    .data               calculagraph.o
    0x20000044   0x00000014   Data   RW          298    .data               setting.o
    0x20000058   0x00000002   Data   RW          315    .data               usart3.o
    0x2000005a   0x00000002   PAD
    0x2000005c   0x0000002a   Data   RW          351    .data               friendly_forces.o
    0x20000086   0x00000002   PAD
    0x20000088   0x00000004   Data   RW          372    .data               syst.o
    0x2000008c   0x00000010   Data   RW          391    .data               usart55.o
    0x2000009c   0x00000001   Data   RW          421    .data               key.o
    0x2000009d   0x00000003   PAD
    0x200000a0   0x00000004   Data   RW          434    .data               timer.o
    0x200000a4   0x00000004   Data   RW          452    .data               delay.o
    0x200000a8   0x00000006   Data   RW          484    .data               usart.o
    0x200000ae   0x00000014   Data   RW          535    .data               stm32f10x_rcc.o
    0x200000c2   0x00000002   PAD
    0x200000c4   0x00000014   Zero   RW          276    .bss                calculagraph.o
    0x200000d8   0x000000c8   Zero   RW          314    .bss                usart3.o
    0x200001a0   0x0000000c   Zero   RW          349    .bss                friendly_forces.o
    0x200001ac   0x000000c9   Zero   RW          390    .bss                usart55.o
    0x20000275   0x000000c8   Zero   RW          483    .bss                usart.o
    0x2000033d   0x00000003   PAD
    0x20000340   0x00000060   Zero   RW          776    .bss                c_w.l(libspace.o)
    0x200003a0   0x00000200   Zero   RW          516    HEAP                startup_stm32f10x_hd.o
    0x200005a0   0x00000400   Zero   RW          515    STACK               startup_stm32f10x_hd.o


==============================================================================

Image component sizes


      Code (inc. data)   RO Data    RW Data    ZI Data      Debug   Object Name

       336         68          0          4         20       1565   calculagraph.o
       212         18          0          4          0        999   delay.o
      1656        286         12         42         12       4598   friendly_forces.o
      1952         12       4583          0          0       6212   gui.o
       252         16          0          1          0        812   key.o
      1352         20          0          0          0       4061   lcd_driver.o
        80          8          0          0          0        471   led.o
        76          0          0          0          0     254375   main.o
       464         46         63         29          0       2641   main_menu.o
       220         22          0          0          0       1757   misc.o
       784         44          0         14          0       2466   search_module.o
       320         30         37         20          0       2167   setting.o
        64         26        304          0       1536        776   startup_stm32f10x_hd.o
       860         38          0          0          0       5689   stm32f10x_gpio.o
        24          0          0          0          0     205782   stm32f10x_it.o
       936         38          0         20          0       8848   stm32f10x_rcc.o
      3610         88          0          0          0      22800   stm32f10x_tim.o
      1032         22          0          0          0       8416   stm32f10x_usart.o
         0          0          0          0          0         32   sys.o
       144         20          0          4          0      16357   syst.o
       480         36          0         20          0       1671   system_stm32f10x.o
       332         32          0          4          0       1626   timer.o
       320         16          0          6        200       3114   usart.o
       536         34          0          2        200       2546   usart3.o
       444         38          0         16        201       1824   usart55.o

    ----------------------------------------------------------------------
     16486        958       5040        196       2172     561605   Object Totals
         0          0         32          0          0          0   (incl. Generated)
         0          0          9         10          3          0   (incl. Padding)

    ----------------------------------------------------------------------

      Code (inc. data)   RO Data    RW Data    ZI Data      Debug   Library Member Name

         8          0          0          0          0         68   __main.o
       104          0          0          0          0         84   __printf.o
         0          0          0          0          0          0   __rtentry.o
        12          0          0          0          0          0   __rtentry2.o
         6          0          0          0          0          0   __rtentry4.o
        52          8          0          0          0          0   __scatter.o
        26          0          0          0          0          0   __scatter_copy.o
        28          0          0          0          0          0   __scatter_zi.o
        28          0          0          0          0         68   _chval.o
        44          0          0          0          0        108   _printf_char.o
        48          6          0          0          0         96   _printf_char_common.o
        36          4          0          0          0         80   _printf_char_file.o
         6          0          0          0          0          0   _printf_d.o
       120         16          0          0          0         92   _printf_dec.o
       178          0          0          0          0         88   _printf_intcommon.o
         0          0          0          0          0          0   _printf_percent.o
         4          0          0          0          0          0   _printf_percent_end.o
         6          0          0          0          0          0   _printf_s.o
        82          0          0          0          0         80   _printf_str.o
        22          0          0          0          0        100   _rserrno.o
        10          0          0          0          0         68   _sputc.o
       158          0          0          0          0         92   _strtoul.o
        26          0          0          0          0         80   atoi.o
        18          0          0          0          0         80   exit.o
         8          0          0          0          0         68   ferror.o
         6          0          0          0          0        152   heapauxi.o
        44         10        272          0          0         76   lc_ctype_c.o
         2          0          0          0          0          0   libinit.o
        20          0          0          0          0          0   libinit2.o
         2          0          0          0          0          0   libshutdown.o
         2          0          0          0          0          0   libshutdown2.o
         8          4          0          0         96         68   libspace.o
        24          4          0          0          0         84   noretval__2printf.o
        40          6          0          0          0         84   noretval__2sprintf.o
        16          4          0          0          0         76   rt_ctype_table.o
         8          4          0          0          0         68   rt_errno_addr_intlibspace.o
         8          4          0          0          0         68   rt_locale_intlibspace.o
        68          0          0          0          0         68   rt_memclr.o
        78          0          0          0          0         80   rt_memclr_w.o
       138          0          0          0          0         68   rt_memcpy_v6.o
       100          0          0          0          0         80   rt_memcpy_w.o
         2          0          0          0          0          0   rtexit.o
        10          0          0          0          0          0   rtexit2.o
        24          0          0          0          0         68   strcat.o
       128          0          0          0          0         68   strcmpv7m.o
        72          0          0          0          0         80   strcpy.o
        62          0          0          0          0         76   strlen.o
       112          0          0          0          0         88   strtol.o
        74          0          0          0          0         80   sys_stackheap_outer.o
         2          0          0          0          0         68   use_no_semi.o
         2          0          0          0          0         68   use_no_semi_2.o
       826         16          0          0          0        348   daddsub_clz.o
        16          4          0          0          0         68   dcheck1.o
        24          0          0          0          0         68   dcmpi.o
       688        140          0          0          0        208   ddiv.o
        94          4          0          0          0         92   dfix.o
        84          0          0          0          0        136   dflt_clz.o
       120          4          0          0          0         92   dleqf.o
       340         12          0          0          0        104   dmul.o
       156          4          0          0          0         92   dnaninf.o
        12          0          0          0          0         68   dretinf.o
       108          0          0          0          0         80   drleqf.o
       100          0          0          0          0         68   retnan.o
        92          0          0          0          0         68   scalbn.o
        48          0          0          0          0         68   trapv.o
         0          0          0          0          0          0   usenofp.o
       544         70        152          0          0        124   atan.o
       156          8          0          0          0        104   cos.o
       252         22         48          0          0        124   cos_i.o
        34          6          0          0          0        204   dunder.o
       220         16          0          0          0         84   floor.o
        40          0          0          0          0         68   fpclassify.o
       170          0          0          0          0         96   poly.o
       904         76        200          0          0        140   rred.o
       160         10          0          0          0        108   sin.o
       236         12         40          0          0        128   sin_i.o

    ----------------------------------------------------------------------
      7526        474        712          0         96       5560   Library Totals
        20          0          0          0          0          0   (incl. Padding)

    ----------------------------------------------------------------------

      Code (inc. data)   RO Data    RW Data    ZI Data      Debug   Library Name

      2082         70        272          0         96       2820   c_w.l
      2708        184          0          0          0       1560   fz_ws.l
      2716        220        440          0          0       1180   m_ws.l

    ----------------------------------------------------------------------
      7526        474        712          0         96       5560   Library Totals

    ----------------------------------------------------------------------

==============================================================================


      Code (inc. data)   RO Data    RW Data    ZI Data      Debug   

     24012       1432       5752        196       2268     562169   Grand Totals
     24012       1432       5752        196       2268     562169   ELF Image Totals
     24012       1432       5752        196          0          0   ROM Totals

==============================================================================

    Total RO  Size (Code + RO Data)                29764 (  29.07kB)
    Total RW  Size (RW Data + ZI Data)              2464 (   2.41kB)
    Total ROM Size (Code + RO Data + RW Data)      29960 (  29.26kB)

==============================================================================

